app/login/page.tsx(15,26): error TS2307: Cannot find module '@/components/MinionLoader' or its corresponding type declarations.
app/package-details/page.tsx(7,26): error TS2307: Cannot find module '@/components/MinionLoader' or its corresponding type declarations.
app/page.tsx(11,26): error TS2307: Cannot find module '@/components/MinionLoader' or its corresponding type declarations.
app/products/[id]/page.tsx(7,26): error TS2307: Cannot find module '@/components/MinionLoader' or its corresponding type declarations.
app/services/[id]/page.tsx(7,26): error TS2307: Cannot find module '@/components/MinionLoader' or its corresponding type declarations.
